---
source: cli/src/airs_help_tests.rs
expression: env.render_long_help().to_string()
---
Create, inspect, switch, rename, or remove AIRS environments

Usage: airs env [COMMAND]

Commands:
  create    Create an environment; without --gateway-url, guide setup and sign-in
  list      List environments; an asterisk marks the default for new processes
  use       Select the default environment for new processes
  show      Inspect a named or selected environment without showing credentials
  status    Show the gateway and local credential availability for an environment
  rename    Rename an environment while preserving its credentials and history
  auth      Replace an environment's key or switch between company SSO and a workspace key
  remove    Unregister an environment, preserving its local history on disk
  typesafe  Manage the optional TypeSafe judge API key for an environment
  help      Print this message or the help of the given subcommand(s)

Options:
  -h, --help
          Print help

With no action, lists saved environments.
Start with: airs env create work
For automation: airs env create work --gateway-url URL
