---
source: tui/src/airs_mcp_manager/authorization_tests.rs
expression: rendered
---
Sign in to gateway MCP
Waiting for browser approval

Open the link on your laptop or
phone. After SSO and consent, a
localhost page may fail to load.
Copy its entire address, paste
it below, then press Enter. AIRS
continues here.
Paste callback URL here (hidden)


Authorization link · Ctrl+Y copies
the full link
https://auth.example/authorize?
state=long-querylong-querylong-
querylong-querylong-querylong-
querylong-querylong-querylong-
querylong-querylong-querylong-
querylong-querylong-querylong-
querylong-querylong-querylong-
Ctrl+O open here · Ctrl+Y copy ·
Ctrl+U clear · PgUp/PgDn scroll ·
Esc cancel
